118
124
122
112
94
49
60
127
115
116
138
60
65
72
60
113
137
124
58
98
71
117
117
120
85
74
99
25
7
77
134
105
93
61
63
