90
96
47
126
128
80
105
130
68
84
96
28
66
139
23
26
94
55
87
90
35
125
117
54
112
33
119
97
114
65
86
122
124
95
102
72
73
121
105
65
80
7
132
107
67
80
12
118
60
56
73
89
28
134
105
135
109
117
99
