114
109
40
5
99
6
47
40
104
124
111
104
128
120
62
64
124
112
77
42
132
31
94
88
30
61
120
125
81
42
41
132
117
95
64
118
93
120
127
86
93
78
112
78
107
25
114
114
121
65
68
97
95
78
85
69
123
119
81
67
61
107
125
96
23
133
116
118
73
65
111
54
89
