121
116
15
120
84
97
67
134
77
60
115
78
69
59
131
129
131
94
46
124
131
124
74
89
88
68
97
66
73
71
47
89
85
88
38
59
115
64
92
105
58
103
125
30
