101
33
115
53
63
64
87
28
123
22
79
133
71
135
69
55
89
127
119
63
38
65
75
90
112
47
112
117
91
118
44
81
113
115
71
78
112
119
69
97
