140
55
84
18
123
87
53
110
123
104
115
15
120
115
88
107
102
99
129
115
65
87
82
123
76
99
112
65
114
106
76
28
19
41
120
79
21
50
99
113
128
124
125
83
119
131
127
71
110
63
112
137
73
20
55
110
25
65
132
88
82
30
63
125
75
119
55
124
123
88
90
21
123
108
76
85
49
80
81
6
77
134
51
75
