90
125
70
41
62
122
110
106
124
103
133
44
86
63
106
94
98
106
45
125
56
25
81
