68
129
130
89
69
84
106
53
45
40
77
73
96
99
104
105
56
74
119
34
109
69
92
131
33
123
125
127
128
120
60
50
112
61
85
