61
109
69
129
97
53
100
84
36
103
100
87
97
133
123
102
126
39
72
42
50
77
130
75
126
131
56
120
73
125
43
27
37
63
120
66
71
78
89
70
132
74
54
129
59
129
125
129
106
119
75
36
61
131
106
84
66
58
88
106
126
129
110
118
105
122
120
14
125
136
122
105
84
95
75
47
124
117
98
52
101
89
96
107
33
